// Jest Snapshot v1, https://goo.gl/fbAQLP

exports[`renders correctly 1`] = `
<View
  accessible={true}
  focusable={true}
  onClick={[Function]}
  onResponderGrant={[Function]}
  onResponderMove={[Function]}
  onResponderRelease={[Function]}
  onResponderTerminate={[Function]}
  onResponderTerminationRequest={[Function]}
  onStartShouldSetResponder={[Function]}
  style={
    Object {
      "opacity": 1,
    }
  }
>
  <View
    style={
      Object {
        "flexDirection": "column",
        "height": 290,
        "margin": 5,
        "overflow": "hidden",
        "width": 360,
      }
    }
  >
    <Image
      resizeMode="cover"
      source={
        Object {
          "uri": "https://images.unsplash.com/photo-1596149615678-8488f200b301?ixid=MXwxMjA3fDF8MHxwaG90by1wYWdlfHx8fGVufDB8fHw%3D&ixlib=rb-1.2.1&auto=format&fit=crop&w=2689&q=80",
        }
      }
      style={
        Object {
          "height": 200,
          "width": 200,
        }
      }
    />
    <View
      style={
        Object {
          "alignItems": "center",
          "flexDirection": "row",
          "justifyContent": "space-around",
          "paddingVertical": 7,
        }
      }
    >
      <Text
        style={
          Object {
            "fontSize": 20,
            "fontWeight": "bold",
          }
        }
      >
        $
        100
      </Text>
      <Text />
    </View>
    <Text
      numberOfLines={2}
      style={
        Object {
          "paddingHorizontal": 10,
          "textAlign": "center",
        }
      }
    >
      ASOS DESIGN bag with detachable strap
    </Text>
  </View>
</View>
`;
